<?xml version="1.0" encoding="UTF-8"?>
<TestRun id="1fac85bd-ae25-4e96-bc37-ad839093d3b8" name="SuprDewd@EDSAC 2010-12-05 14:26:57" runUser="EDSAC\SuprDewd" xmlns="http://microsoft.com/schemas/VisualStudio/TeamTest/2010">
  <TestSettings name="Local" id="4c59a5fa-d837-49f8-8b62-15cf0be0742f">
    <Description>These are default test settings for a local test run.</Description>
    <Deployment userDeploymentRoot="C:\Users\SuprDewd\Desktop\Projects\Forritun\SharpBag\TestResults" useDefaultDeploymentRoot="false" enabled="false" runDeploymentRoot="SuprDewd_EDSAC 2010-12-05 14_26_57">
      <DeploymentItem filename="C:\Users\SuprDewd\Desktop\Projects\Forritun\SharpBag\SharpBag\bin\Release\SharpBag.dll" />
      <DeploymentItem filename="C:\Users\SuprDewd\Desktop\Projects\Forritun\SharpBag\SharpBag.Tests\MolesAssemblies\SharpBag.Moles.dll" />
    </Deployment>
    <Execution>
      <TestTypeSpecific />
      <AgentRule name="Execution Agents">
      </AgentRule>
    </Execution>
  </TestSettings>
  <Times creation="2010-12-05T14:26:57.7080753+00:00" queuing="2010-12-05T14:27:16.5391524+00:00" start="2010-12-05T14:27:16.7161625+00:00" finish="2010-12-05T14:27:59.0725852+00:00" />
  <ResultSummary outcome="Error">
    <Counters total="1" executed="1" error="0" failed="0" timeout="0" aborted="1" inconclusive="0" passedButRunAborted="0" notRunnable="0" notExecuted="0" disconnected="0" warning="0" passed="0" completed="0" inProgress="0" pending="0" />
    <RunInfos>
      <RunInfo computerName="EDSAC" outcome="Error" timestamp="2010-12-05T14:27:59.0675849+00:00">
        <Text>Test host process exited unexpectedly.</Text>
      </RunInfo>
    </RunInfos>
  </ResultSummary>
  <TestDefinitions>
    <UnitTest name="ExecutionTime642" storage="c:\users\suprdewd\desktop\projects\forritun\sharpbag\sharpbag.tests\bin\release\sharpbag.tests.dll" id="4fd2d142-96e9-3d7b-16b2-0b0965a16f21">
      <Execution id="37960cdd-36bd-4849-9977-6349c1980c6a" />
      <TestMethod codeBase="C:/Users/SuprDewd/Desktop/Projects/Forritun/SharpBag/SharpBag.Tests/bin/Release/SharpBag.Tests.DLL" adapterTypeName="Microsoft.VisualStudio.TestTools.TestTypes.Unit.UnitTestAdapter, Microsoft.VisualStudio.QualityTools.Tips.UnitTest.Adapter, Version=10.0.0.0, Culture=neutral, PublicKeyToken=b03f5f7f11d50a3a" className="SharpBag.UtilsTest, SharpBag.Tests, Version=0.0.0.0, Culture=neutral, PublicKeyToken=null" name="ExecutionTime642" />
    </UnitTest>
  </TestDefinitions>
  <TestLists>
    <TestList name="Results Not in a List" id="8c84fa94-04c1-424b-9868-57a2d4851a1d" />
    <TestList name="All Loaded Results" id="19431567-8539-422a-85d7-44ee4e166bda" />
  </TestLists>
  <TestEntries>
    <TestEntry testId="4fd2d142-96e9-3d7b-16b2-0b0965a16f21" executionId="37960cdd-36bd-4849-9977-6349c1980c6a" testListId="8c84fa94-04c1-424b-9868-57a2d4851a1d" />
  </TestEntries>
  <Results>
    <UnitTestResult executionId="37960cdd-36bd-4849-9977-6349c1980c6a" testId="4fd2d142-96e9-3d7b-16b2-0b0965a16f21" testName="ExecutionTime642" computerName="EDSAC" duration="00:00:42.2684176" startTime="2010-12-05T14:27:16.8031675+00:00" endTime="2010-12-05T14:27:59.0715851+00:00" testType="13cdc9d9-ddb5-4fa4-a97d-d965ccfc6d4b" outcome="Aborted" testListId="8c84fa94-04c1-424b-9868-57a2d4851a1d" relativeResultsDirectory="37960cdd-36bd-4849-9977-6349c1980c6a">
    </UnitTestResult>
  </Results>
</TestRun>